Copyright 1986-2022 Xilinx, Inc. All Rights Reserved. Copyright 2022-2025 Advanced Micro Devices, Inc. All Rights Reserved.
---------------------------------------------------------------------------------------------------------------------------------------------------------------------------
| Tool Version : Vivado v.2025.2 (lin64) Build 6299465 Fri Nov 14 12:34:56 MST 2025
| Date         : Wed Sep 30 22:29:06 2026
| Host         : bland3 running 64-bit Ubuntu 26.04.1 LTS
| Command      : report_timing -max_paths 5 -sort_by group -file {/mnt/c/Users/duyda/Documents/ChatGPT/FPGA fly project/build/vivado/mvu_sys4x4_simple/critical_paths.rpt}
| Design       : mvu_systolic
| Device       : 7a35t-cpg236
| Speed File   : -1  PRODUCTION 1.23 2018-06-13
| Design State : Routed
---------------------------------------------------------------------------------------------------------------------------------------------------------------------------

Timing Report

Slack (MET) :             1.719ns  (required time - arrival time)
  Source:                 u_wmem/g_bank[0].mem_reg/CLKBWRCLK
                            (rising edge-triggered cell RAMB36E1 clocked by clk  {rise@0.000ns fall@5.000ns period=10.000ns})
  Destination:            u_array/g_r[2].g_c[3].u_pe/ps_out_reg/A[27]
                            (rising edge-triggered cell DSP48E1 clocked by clk  {rise@0.000ns fall@5.000ns period=10.000ns})
  Path Group:             clk
  Path Type:              Setup (Max at Slow Process Corner)
  Requirement:            10.000ns  (clk rise@10.000ns - clk rise@0.000ns)
  Data Path Delay:        7.611ns  (logic 2.604ns (34.212%)  route 5.007ns (65.788%))
  Logic Levels:           1  (LUT2=1)
  Clock Path Skew:        -0.049ns (DCD - SCD + CPR)
    Destination Clock Delay (DCD):    0.924ns = ( 10.924 - 10.000 ) 
    Source Clock Delay      (SCD):    0.973ns
    Clock Pessimism Removal (CPR):    0.000ns
  Clock Uncertainty:      0.035ns  ((TSJ^2 + TIJ^2)^1/2 + DJ) / 2 + PE
    Total System Jitter     (TSJ):    0.071ns
    Total Input Jitter      (TIJ):    0.000ns
    Discrete Jitter          (DJ):    0.000ns
    Phase Error              (PE):    0.000ns

    Location             Delay type                Incr(ns)  Path(ns)    Netlist Resource(s)
  -------------------------------------------------------------------    -------------------
                         (clock clk rise edge)        0.000     0.000 r  
                                                      0.000     0.000 r  clk (IN)
                         net (fo=1081, unset)         0.973     0.973    u_wmem/clk
    RAMB36_X0Y3          RAMB36E1                                     r  u_wmem/g_bank[0].mem_reg/CLKBWRCLK
  -------------------------------------------------------------------    -------------------
    RAMB36_X0Y3          RAMB36E1 (Prop_ramb36e1_CLKBWRCLK_DOBDO[7])
                                                      2.454     3.427 r  u_wmem/g_bank[0].mem_reg/DOBDO[7]
                         net (fo=40, routed)          4.214     7.641    u_wmem/wm_data[0][7]
    SLICE_X54Y12         LUT2 (Prop_lut2_I1_O)        0.150     7.791 r  u_wmem/ps_out_reg_i_2__2/O
                         net (fo=10, routed)          0.794     8.584    u_array/g_r[2].g_c[3].u_pe/A[7]
    DSP48_X1Y5           DSP48E1                                      r  u_array/g_r[2].g_c[3].u_pe/ps_out_reg/A[27]
  -------------------------------------------------------------------    -------------------

                         (clock clk rise edge)       10.000    10.000 r  
                                                      0.000    10.000 r  clk (IN)
                         net (fo=1081, unset)         0.924    10.924    u_array/g_r[2].g_c[3].u_pe/clk
    DSP48_X1Y5           DSP48E1                                      r  u_array/g_r[2].g_c[3].u_pe/ps_out_reg/CLK
                         clock pessimism              0.000    10.924    
                         clock uncertainty           -0.035    10.889    
    DSP48_X1Y5           DSP48E1 (Setup_dsp48e1_CLK_A[27])
                                                     -0.586    10.303    u_array/g_r[2].g_c[3].u_pe/ps_out_reg
  -------------------------------------------------------------------
                         required time                         10.303    
                         arrival time                          -8.584    
  -------------------------------------------------------------------
                         slack                                  1.719    

Slack (MET) :             1.767ns  (required time - arrival time)
  Source:                 u_wmem/g_bank[0].mem_reg/CLKBWRCLK
                            (rising edge-triggered cell RAMB36E1 clocked by clk  {rise@0.000ns fall@5.000ns period=10.000ns})
  Destination:            u_array/g_r[2].g_c[3].u_pe/ps_out_reg/A[23]
                            (rising edge-triggered cell DSP48E1 clocked by clk  {rise@0.000ns fall@5.000ns period=10.000ns})
  Path Group:             clk
  Path Type:              Setup (Max at Slow Process Corner)
  Requirement:            10.000ns  (clk rise@10.000ns - clk rise@0.000ns)
  Data Path Delay:        7.563ns  (logic 2.604ns (34.431%)  route 4.959ns (65.569%))
  Logic Levels:           1  (LUT2=1)
  Clock Path Skew:        -0.049ns (DCD - SCD + CPR)
    Destination Clock Delay (DCD):    0.924ns = ( 10.924 - 10.000 ) 
    Source Clock Delay      (SCD):    0.973ns
    Clock Pessimism Removal (CPR):    0.000ns
  Clock Uncertainty:      0.035ns  ((TSJ^2 + TIJ^2)^1/2 + DJ) / 2 + PE
    Total System Jitter     (TSJ):    0.071ns
    Total Input Jitter      (TIJ):    0.000ns
    Discrete Jitter          (DJ):    0.000ns
    Phase Error              (PE):    0.000ns

    Location             Delay type                Incr(ns)  Path(ns)    Netlist Resource(s)
  -------------------------------------------------------------------    -------------------
                         (clock clk rise edge)        0.000     0.000 r  
                                                      0.000     0.000 r  clk (IN)
                         net (fo=1081, unset)         0.973     0.973    u_wmem/clk
    RAMB36_X0Y3          RAMB36E1                                     r  u_wmem/g_bank[0].mem_reg/CLKBWRCLK
  -------------------------------------------------------------------    -------------------
    RAMB36_X0Y3          RAMB36E1 (Prop_ramb36e1_CLKBWRCLK_DOBDO[7])
                                                      2.454     3.427 r  u_wmem/g_bank[0].mem_reg/DOBDO[7]
                         net (fo=40, routed)          4.214     7.641    u_wmem/wm_data[0][7]
    SLICE_X54Y12         LUT2 (Prop_lut2_I1_O)        0.150     7.791 r  u_wmem/ps_out_reg_i_2__2/O
                         net (fo=10, routed)          0.745     8.536    u_array/g_r[2].g_c[3].u_pe/A[7]
    DSP48_X1Y5           DSP48E1                                      r  u_array/g_r[2].g_c[3].u_pe/ps_out_reg/A[23]
  -------------------------------------------------------------------    -------------------

                         (clock clk rise edge)       10.000    10.000 r  
                                                      0.000    10.000 r  clk (IN)
                         net (fo=1081, unset)         0.924    10.924    u_array/g_r[2].g_c[3].u_pe/clk
    DSP48_X1Y5           DSP48E1                                      r  u_array/g_r[2].g_c[3].u_pe/ps_out_reg/CLK
                         clock pessimism              0.000    10.924    
                         clock uncertainty           -0.035    10.889    
    DSP48_X1Y5           DSP48E1 (Setup_dsp48e1_CLK_A[23])
                                                     -0.586    10.303    u_array/g_r[2].g_c[3].u_pe/ps_out_reg
  -------------------------------------------------------------------
                         required time                         10.303    
                         arrival time                          -8.536    
  -------------------------------------------------------------------
                         slack                                  1.767    

Slack (MET) :             1.768ns  (required time - arrival time)
  Source:                 u_wmem/g_bank[0].mem_reg/CLKBWRCLK
                            (rising edge-triggered cell RAMB36E1 clocked by clk  {rise@0.000ns fall@5.000ns period=10.000ns})
  Destination:            u_array/g_r[0].g_c[3].u_pe/ps_out_reg/A[28]
                            (rising edge-triggered cell DSP48E1 clocked by clk  {rise@0.000ns fall@5.000ns period=10.000ns})
  Path Group:             clk
  Path Type:              Setup (Max at Slow Process Corner)
  Requirement:            10.000ns  (clk rise@10.000ns - clk rise@0.000ns)
  Data Path Delay:        7.562ns  (logic 2.571ns (34.000%)  route 4.991ns (66.001%))
  Logic Levels:           1  (LUT2=1)
  Clock Path Skew:        -0.049ns (DCD - SCD + CPR)
    Destination Clock Delay (DCD):    0.924ns = ( 10.924 - 10.000 ) 
    Source Clock Delay      (SCD):    0.973ns
    Clock Pessimism Removal (CPR):    0.000ns
  Clock Uncertainty:      0.035ns  ((TSJ^2 + TIJ^2)^1/2 + DJ) / 2 + PE
    Total System Jitter     (TSJ):    0.071ns
    Total Input Jitter      (TIJ):    0.000ns
    Discrete Jitter          (DJ):    0.000ns
    Phase Error              (PE):    0.000ns

    Location             Delay type                Incr(ns)  Path(ns)    Netlist Resource(s)
  -------------------------------------------------------------------    -------------------
                         (clock clk rise edge)        0.000     0.000 r  
                                                      0.000     0.000 r  clk (IN)
                         net (fo=1081, unset)         0.973     0.973    u_wmem/clk
    RAMB36_X0Y3          RAMB36E1                                     r  u_wmem/g_bank[0].mem_reg/CLKBWRCLK
  -------------------------------------------------------------------    -------------------
    RAMB36_X0Y3          RAMB36E1 (Prop_ramb36e1_CLKBWRCLK_DOBDO[7])
                                                      2.454     3.427 r  u_wmem/g_bank[0].mem_reg/DOBDO[7]
                         net (fo=40, routed)          4.329     7.756    u_wmem/wm_data[0][7]
    SLICE_X54Y16         LUT2 (Prop_lut2_I1_O)        0.117     7.873 r  u_wmem/ps_out_reg_i_3__4/O
                         net (fo=10, routed)          0.662     8.535    u_array/g_r[0].g_c[3].u_pe/ps_out_reg_0[2]
    DSP48_X1Y6           DSP48E1                                      r  u_array/g_r[0].g_c[3].u_pe/ps_out_reg/A[28]
  -------------------------------------------------------------------    -------------------

                         (clock clk rise edge)       10.000    10.000 r  
                                                      0.000    10.000 r  clk (IN)
                         net (fo=1081, unset)         0.924    10.924    u_array/g_r[0].g_c[3].u_pe/clk
    DSP48_X1Y6           DSP48E1                                      r  u_array/g_r[0].g_c[3].u_pe/ps_out_reg/CLK
                         clock pessimism              0.000    10.924    
                         clock uncertainty           -0.035    10.889    
    DSP48_X1Y6           DSP48E1 (Setup_dsp48e1_CLK_A[28])
                                                     -0.586    10.303    u_array/g_r[0].g_c[3].u_pe/ps_out_reg
  -------------------------------------------------------------------
                         required time                         10.303    
                         arrival time                          -8.535    
  -------------------------------------------------------------------
                         slack                                  1.768    

Slack (MET) :             1.777ns  (required time - arrival time)
  Source:                 u_wmem/g_bank[0].mem_reg/CLKBWRCLK
                            (rising edge-triggered cell RAMB36E1 clocked by clk  {rise@0.000ns fall@5.000ns period=10.000ns})
  Destination:            u_array/g_r[0].g_c[3].u_pe/ps_out_reg/A[25]
                            (rising edge-triggered cell DSP48E1 clocked by clk  {rise@0.000ns fall@5.000ns period=10.000ns})
  Path Group:             clk
  Path Type:              Setup (Max at Slow Process Corner)
  Requirement:            10.000ns  (clk rise@10.000ns - clk rise@0.000ns)
  Data Path Delay:        7.553ns  (logic 2.571ns (34.037%)  route 4.982ns (65.963%))
  Logic Levels:           1  (LUT2=1)
  Clock Path Skew:        -0.049ns (DCD - SCD + CPR)
    Destination Clock Delay (DCD):    0.924ns = ( 10.924 - 10.000 ) 
    Source Clock Delay      (SCD):    0.973ns
    Clock Pessimism Removal (CPR):    0.000ns
  Clock Uncertainty:      0.035ns  ((TSJ^2 + TIJ^2)^1/2 + DJ) / 2 + PE
    Total System Jitter     (TSJ):    0.071ns
    Total Input Jitter      (TIJ):    0.000ns
    Discrete Jitter          (DJ):    0.000ns
    Phase Error              (PE):    0.000ns

    Location             Delay type                Incr(ns)  Path(ns)    Netlist Resource(s)
  -------------------------------------------------------------------    -------------------
                         (clock clk rise edge)        0.000     0.000 r  
                                                      0.000     0.000 r  clk (IN)
                         net (fo=1081, unset)         0.973     0.973    u_wmem/clk
    RAMB36_X0Y3          RAMB36E1                                     r  u_wmem/g_bank[0].mem_reg/CLKBWRCLK
  -------------------------------------------------------------------    -------------------
    RAMB36_X0Y3          RAMB36E1 (Prop_ramb36e1_CLKBWRCLK_DOBDO[7])
                                                      2.454     3.427 r  u_wmem/g_bank[0].mem_reg/DOBDO[7]
                         net (fo=40, routed)          4.329     7.756    u_wmem/wm_data[0][7]
    SLICE_X54Y16         LUT2 (Prop_lut2_I1_O)        0.117     7.873 r  u_wmem/ps_out_reg_i_3__4/O
                         net (fo=10, routed)          0.654     8.526    u_array/g_r[0].g_c[3].u_pe/ps_out_reg_0[2]
    DSP48_X1Y6           DSP48E1                                      r  u_array/g_r[0].g_c[3].u_pe/ps_out_reg/A[25]
  -------------------------------------------------------------------    -------------------

                         (clock clk rise edge)       10.000    10.000 r  
                                                      0.000    10.000 r  clk (IN)
                         net (fo=1081, unset)         0.924    10.924    u_array/g_r[0].g_c[3].u_pe/clk
    DSP48_X1Y6           DSP48E1                                      r  u_array/g_r[0].g_c[3].u_pe/ps_out_reg/CLK
                         clock pessimism              0.000    10.924    
                         clock uncertainty           -0.035    10.889    
    DSP48_X1Y6           DSP48E1 (Setup_dsp48e1_CLK_A[25])
                                                     -0.586    10.303    u_array/g_r[0].g_c[3].u_pe/ps_out_reg
  -------------------------------------------------------------------
                         required time                         10.303    
                         arrival time                          -8.526    
  -------------------------------------------------------------------
                         slack                                  1.777    

Slack (MET) :             1.777ns  (required time - arrival time)
  Source:                 u_wmem/g_bank[0].mem_reg/CLKBWRCLK
                            (rising edge-triggered cell RAMB36E1 clocked by clk  {rise@0.000ns fall@5.000ns period=10.000ns})
  Destination:            u_array/g_r[0].g_c[3].u_pe/ps_out_reg/A[26]
                            (rising edge-triggered cell DSP48E1 clocked by clk  {rise@0.000ns fall@5.000ns period=10.000ns})
  Path Group:             clk
  Path Type:              Setup (Max at Slow Process Corner)
  Requirement:            10.000ns  (clk rise@10.000ns - clk rise@0.000ns)
  Data Path Delay:        7.553ns  (logic 2.571ns (34.037%)  route 4.982ns (65.963%))
  Logic Levels:           1  (LUT2=1)
  Clock Path Skew:        -0.049ns (DCD - SCD + CPR)
    Destination Clock Delay (DCD):    0.924ns = ( 10.924 - 10.000 ) 
    Source Clock Delay      (SCD):    0.973ns
    Clock Pessimism Removal (CPR):    0.000ns
  Clock Uncertainty:      0.035ns  ((TSJ^2 + TIJ^2)^1/2 + DJ) / 2 + PE
    Total System Jitter     (TSJ):    0.071ns
    Total Input Jitter      (TIJ):    0.000ns
    Discrete Jitter          (DJ):    0.000ns
    Phase Error              (PE):    0.000ns

    Location             Delay type                Incr(ns)  Path(ns)    Netlist Resource(s)
  -------------------------------------------------------------------    -------------------
                         (clock clk rise edge)        0.000     0.000 r  
                                                      0.000     0.000 r  clk (IN)
                         net (fo=1081, unset)         0.973     0.973    u_wmem/clk
    RAMB36_X0Y3          RAMB36E1                                     r  u_wmem/g_bank[0].mem_reg/CLKBWRCLK
  -------------------------------------------------------------------    -------------------
    RAMB36_X0Y3          RAMB36E1 (Prop_ramb36e1_CLKBWRCLK_DOBDO[7])
                                                      2.454     3.427 r  u_wmem/g_bank[0].mem_reg/DOBDO[7]
                         net (fo=40, routed)          4.329     7.756    u_wmem/wm_data[0][7]
    SLICE_X54Y16         LUT2 (Prop_lut2_I1_O)        0.117     7.873 r  u_wmem/ps_out_reg_i_3__4/O
                         net (fo=10, routed)          0.654     8.526    u_array/g_r[0].g_c[3].u_pe/ps_out_reg_0[2]
    DSP48_X1Y6           DSP48E1                                      r  u_array/g_r[0].g_c[3].u_pe/ps_out_reg/A[26]
  -------------------------------------------------------------------    -------------------

                         (clock clk rise edge)       10.000    10.000 r  
                                                      0.000    10.000 r  clk (IN)
                         net (fo=1081, unset)         0.924    10.924    u_array/g_r[0].g_c[3].u_pe/clk
    DSP48_X1Y6           DSP48E1                                      r  u_array/g_r[0].g_c[3].u_pe/ps_out_reg/CLK
                         clock pessimism              0.000    10.924    
                         clock uncertainty           -0.035    10.889    
    DSP48_X1Y6           DSP48E1 (Setup_dsp48e1_CLK_A[26])
                                                     -0.586    10.303    u_array/g_r[0].g_c[3].u_pe/ps_out_reg
  -------------------------------------------------------------------
                         required time                         10.303    
                         arrival time                          -8.526    
  -------------------------------------------------------------------
                         slack                                  1.777    




