Copyright 1986-2022 Xilinx, Inc. All Rights Reserved. Copyright 2022-2025 Advanced Micro Devices, Inc. All Rights Reserved.
------------------------------------------------------------------------------------------------------------------------------------------------------------------
| Tool Version : Vivado v.2025.2 (lin64) Build 6299465 Fri Nov 14 12:34:56 MST 2025
| Date         : Fri Oct  2 14:26:47 2026
| Host         : bland3 running 64-bit Ubuntu 26.04.1 LTS
| Command      : report_timing -max_paths 5 -sort_by group -file /mnt/c/Users/duyda/Desktop/personal_projects/fly_fpga/build/vivado/top_serial/critical_paths.rpt
| Design       : basys3_top
| Device       : 7a35t-cpg236
| Speed File   : -1  PRODUCTION 1.23 2018-06-13
| Design State : Routed
------------------------------------------------------------------------------------------------------------------------------------------------------------------

Timing Report

Slack (MET) :             0.984ns  (required time - arrival time)
  Source:                 rst_reg/C
                            (rising edge-triggered cell FDRE clocked by sys_clk_pin  {rise@0.000ns fall@5.000ns period=10.000ns})
  Destination:            u_core/probe_v_reg[0][14]/R
                            (rising edge-triggered cell FDRE clocked by sys_clk_pin  {rise@0.000ns fall@5.000ns period=10.000ns})
  Path Group:             sys_clk_pin
  Path Type:              Setup (Max at Slow Process Corner)
  Requirement:            10.000ns  (sys_clk_pin rise@10.000ns - sys_clk_pin rise@0.000ns)
  Data Path Delay:        8.520ns  (logic 0.456ns (5.352%)  route 8.064ns (94.648%))
  Logic Levels:           0  
  Clock Path Skew:        -0.032ns (DCD - SCD + CPR)
    Destination Clock Delay (DCD):    4.854ns = ( 14.854 - 10.000 ) 
    Source Clock Delay      (SCD):    5.074ns
    Clock Pessimism Removal (CPR):    0.188ns
  Clock Uncertainty:      0.035ns  ((TSJ^2 + TIJ^2)^1/2 + DJ) / 2 + PE
    Total System Jitter     (TSJ):    0.071ns
    Total Input Jitter      (TIJ):    0.000ns
    Discrete Jitter          (DJ):    0.000ns
    Phase Error              (PE):    0.000ns

    Location             Delay type                Incr(ns)  Path(ns)    Netlist Resource(s)
  -------------------------------------------------------------------    -------------------
                         (clock sys_clk_pin rise edge)
                                                      0.000     0.000 r  
    W5                                                0.000     0.000 r  clk (IN)
                         net (fo=0)                   0.000     0.000    clk
    W5                   IBUF (Prop_ibuf_I_O)         1.458     1.458 r  clk_IBUF_inst/O
                         net (fo=1, routed)           1.967     3.425    clk_IBUF
    BUFGCTRL_X0Y0        BUFG (Prop_bufg_I_O)         0.096     3.521 r  clk_IBUF_BUFG_inst/O
                         net (fo=3880, routed)        1.553     5.074    clk_IBUF_BUFG
    SLICE_X32Y19         FDRE                                         r  rst_reg/C
  -------------------------------------------------------------------    -------------------
    SLICE_X32Y19         FDRE (Prop_fdre_C_Q)         0.456     5.530 r  rst_reg/Q
                         net (fo=1383, routed)        8.064    13.594    u_core/rst
    SLICE_X61Y36         FDRE                                         r  u_core/probe_v_reg[0][14]/R
  -------------------------------------------------------------------    -------------------

                         (clock sys_clk_pin rise edge)
                                                     10.000    10.000 r  
    W5                                                0.000    10.000 r  clk (IN)
                         net (fo=0)                   0.000    10.000    clk
    W5                   IBUF (Prop_ibuf_I_O)         1.388    11.388 r  clk_IBUF_inst/O
                         net (fo=1, routed)           1.862    13.250    clk_IBUF
    BUFGCTRL_X0Y0        BUFG (Prop_bufg_I_O)         0.091    13.341 r  clk_IBUF_BUFG_inst/O
                         net (fo=3880, routed)        1.513    14.854    u_core/clk_IBUF_BUFG
    SLICE_X61Y36         FDRE                                         r  u_core/probe_v_reg[0][14]/C
                         clock pessimism              0.188    15.042    
                         clock uncertainty           -0.035    15.007    
    SLICE_X61Y36         FDRE (Setup_fdre_C_R)       -0.429    14.578    u_core/probe_v_reg[0][14]
  -------------------------------------------------------------------
                         required time                         14.578    
                         arrival time                         -13.594    
  -------------------------------------------------------------------
                         slack                                  0.984    

Slack (MET) :             0.984ns  (required time - arrival time)
  Source:                 rst_reg/C
                            (rising edge-triggered cell FDRE clocked by sys_clk_pin  {rise@0.000ns fall@5.000ns period=10.000ns})
  Destination:            u_core/probe_v_reg[1][14]/R
                            (rising edge-triggered cell FDRE clocked by sys_clk_pin  {rise@0.000ns fall@5.000ns period=10.000ns})
  Path Group:             sys_clk_pin
  Path Type:              Setup (Max at Slow Process Corner)
  Requirement:            10.000ns  (sys_clk_pin rise@10.000ns - sys_clk_pin rise@0.000ns)
  Data Path Delay:        8.520ns  (logic 0.456ns (5.352%)  route 8.064ns (94.648%))
  Logic Levels:           0  
  Clock Path Skew:        -0.032ns (DCD - SCD + CPR)
    Destination Clock Delay (DCD):    4.854ns = ( 14.854 - 10.000 ) 
    Source Clock Delay      (SCD):    5.074ns
    Clock Pessimism Removal (CPR):    0.188ns
  Clock Uncertainty:      0.035ns  ((TSJ^2 + TIJ^2)^1/2 + DJ) / 2 + PE
    Total System Jitter     (TSJ):    0.071ns
    Total Input Jitter      (TIJ):    0.000ns
    Discrete Jitter          (DJ):    0.000ns
    Phase Error              (PE):    0.000ns

    Location             Delay type                Incr(ns)  Path(ns)    Netlist Resource(s)
  -------------------------------------------------------------------    -------------------
                         (clock sys_clk_pin rise edge)
                                                      0.000     0.000 r  
    W5                                                0.000     0.000 r  clk (IN)
                         net (fo=0)                   0.000     0.000    clk
    W5                   IBUF (Prop_ibuf_I_O)         1.458     1.458 r  clk_IBUF_inst/O
                         net (fo=1, routed)           1.967     3.425    clk_IBUF
    BUFGCTRL_X0Y0        BUFG (Prop_bufg_I_O)         0.096     3.521 r  clk_IBUF_BUFG_inst/O
                         net (fo=3880, routed)        1.553     5.074    clk_IBUF_BUFG
    SLICE_X32Y19         FDRE                                         r  rst_reg/C
  -------------------------------------------------------------------    -------------------
    SLICE_X32Y19         FDRE (Prop_fdre_C_Q)         0.456     5.530 r  rst_reg/Q
                         net (fo=1383, routed)        8.064    13.594    u_core/rst
    SLICE_X61Y36         FDRE                                         r  u_core/probe_v_reg[1][14]/R
  -------------------------------------------------------------------    -------------------

                         (clock sys_clk_pin rise edge)
                                                     10.000    10.000 r  
    W5                                                0.000    10.000 r  clk (IN)
                         net (fo=0)                   0.000    10.000    clk
    W5                   IBUF (Prop_ibuf_I_O)         1.388    11.388 r  clk_IBUF_inst/O
                         net (fo=1, routed)           1.862    13.250    clk_IBUF
    BUFGCTRL_X0Y0        BUFG (Prop_bufg_I_O)         0.091    13.341 r  clk_IBUF_BUFG_inst/O
                         net (fo=3880, routed)        1.513    14.854    u_core/clk_IBUF_BUFG
    SLICE_X61Y36         FDRE                                         r  u_core/probe_v_reg[1][14]/C
                         clock pessimism              0.188    15.042    
                         clock uncertainty           -0.035    15.007    
    SLICE_X61Y36         FDRE (Setup_fdre_C_R)       -0.429    14.578    u_core/probe_v_reg[1][14]
  -------------------------------------------------------------------
                         required time                         14.578    
                         arrival time                         -13.594    
  -------------------------------------------------------------------
                         slack                                  0.984    

Slack (MET) :             0.984ns  (required time - arrival time)
  Source:                 rst_reg/C
                            (rising edge-triggered cell FDRE clocked by sys_clk_pin  {rise@0.000ns fall@5.000ns period=10.000ns})
  Destination:            u_core/probe_v_reg[2][14]/R
                            (rising edge-triggered cell FDRE clocked by sys_clk_pin  {rise@0.000ns fall@5.000ns period=10.000ns})
  Path Group:             sys_clk_pin
  Path Type:              Setup (Max at Slow Process Corner)
  Requirement:            10.000ns  (sys_clk_pin rise@10.000ns - sys_clk_pin rise@0.000ns)
  Data Path Delay:        8.520ns  (logic 0.456ns (5.352%)  route 8.064ns (94.648%))
  Logic Levels:           0  
  Clock Path Skew:        -0.032ns (DCD - SCD + CPR)
    Destination Clock Delay (DCD):    4.854ns = ( 14.854 - 10.000 ) 
    Source Clock Delay      (SCD):    5.074ns
    Clock Pessimism Removal (CPR):    0.188ns
  Clock Uncertainty:      0.035ns  ((TSJ^2 + TIJ^2)^1/2 + DJ) / 2 + PE
    Total System Jitter     (TSJ):    0.071ns
    Total Input Jitter      (TIJ):    0.000ns
    Discrete Jitter          (DJ):    0.000ns
    Phase Error              (PE):    0.000ns

    Location             Delay type                Incr(ns)  Path(ns)    Netlist Resource(s)
  -------------------------------------------------------------------    -------------------
                         (clock sys_clk_pin rise edge)
                                                      0.000     0.000 r  
    W5                                                0.000     0.000 r  clk (IN)
                         net (fo=0)                   0.000     0.000    clk
    W5                   IBUF (Prop_ibuf_I_O)         1.458     1.458 r  clk_IBUF_inst/O
                         net (fo=1, routed)           1.967     3.425    clk_IBUF
    BUFGCTRL_X0Y0        BUFG (Prop_bufg_I_O)         0.096     3.521 r  clk_IBUF_BUFG_inst/O
                         net (fo=3880, routed)        1.553     5.074    clk_IBUF_BUFG
    SLICE_X32Y19         FDRE                                         r  rst_reg/C
  -------------------------------------------------------------------    -------------------
    SLICE_X32Y19         FDRE (Prop_fdre_C_Q)         0.456     5.530 r  rst_reg/Q
                         net (fo=1383, routed)        8.064    13.594    u_core/rst
    SLICE_X61Y36         FDRE                                         r  u_core/probe_v_reg[2][14]/R
  -------------------------------------------------------------------    -------------------

                         (clock sys_clk_pin rise edge)
                                                     10.000    10.000 r  
    W5                                                0.000    10.000 r  clk (IN)
                         net (fo=0)                   0.000    10.000    clk
    W5                   IBUF (Prop_ibuf_I_O)         1.388    11.388 r  clk_IBUF_inst/O
                         net (fo=1, routed)           1.862    13.250    clk_IBUF
    BUFGCTRL_X0Y0        BUFG (Prop_bufg_I_O)         0.091    13.341 r  clk_IBUF_BUFG_inst/O
                         net (fo=3880, routed)        1.513    14.854    u_core/clk_IBUF_BUFG
    SLICE_X61Y36         FDRE                                         r  u_core/probe_v_reg[2][14]/C
                         clock pessimism              0.188    15.042    
                         clock uncertainty           -0.035    15.007    
    SLICE_X61Y36         FDRE (Setup_fdre_C_R)       -0.429    14.578    u_core/probe_v_reg[2][14]
  -------------------------------------------------------------------
                         required time                         14.578    
                         arrival time                         -13.594    
  -------------------------------------------------------------------
                         slack                                  0.984    

Slack (MET) :             0.984ns  (required time - arrival time)
  Source:                 rst_reg/C
                            (rising edge-triggered cell FDRE clocked by sys_clk_pin  {rise@0.000ns fall@5.000ns period=10.000ns})
  Destination:            u_core/probe_v_reg[2][1]/R
                            (rising edge-triggered cell FDRE clocked by sys_clk_pin  {rise@0.000ns fall@5.000ns period=10.000ns})
  Path Group:             sys_clk_pin
  Path Type:              Setup (Max at Slow Process Corner)
  Requirement:            10.000ns  (sys_clk_pin rise@10.000ns - sys_clk_pin rise@0.000ns)
  Data Path Delay:        8.520ns  (logic 0.456ns (5.352%)  route 8.064ns (94.648%))
  Logic Levels:           0  
  Clock Path Skew:        -0.032ns (DCD - SCD + CPR)
    Destination Clock Delay (DCD):    4.854ns = ( 14.854 - 10.000 ) 
    Source Clock Delay      (SCD):    5.074ns
    Clock Pessimism Removal (CPR):    0.188ns
  Clock Uncertainty:      0.035ns  ((TSJ^2 + TIJ^2)^1/2 + DJ) / 2 + PE
    Total System Jitter     (TSJ):    0.071ns
    Total Input Jitter      (TIJ):    0.000ns
    Discrete Jitter          (DJ):    0.000ns
    Phase Error              (PE):    0.000ns

    Location             Delay type                Incr(ns)  Path(ns)    Netlist Resource(s)
  -------------------------------------------------------------------    -------------------
                         (clock sys_clk_pin rise edge)
                                                      0.000     0.000 r  
    W5                                                0.000     0.000 r  clk (IN)
                         net (fo=0)                   0.000     0.000    clk
    W5                   IBUF (Prop_ibuf_I_O)         1.458     1.458 r  clk_IBUF_inst/O
                         net (fo=1, routed)           1.967     3.425    clk_IBUF
    BUFGCTRL_X0Y0        BUFG (Prop_bufg_I_O)         0.096     3.521 r  clk_IBUF_BUFG_inst/O
                         net (fo=3880, routed)        1.553     5.074    clk_IBUF_BUFG
    SLICE_X32Y19         FDRE                                         r  rst_reg/C
  -------------------------------------------------------------------    -------------------
    SLICE_X32Y19         FDRE (Prop_fdre_C_Q)         0.456     5.530 r  rst_reg/Q
                         net (fo=1383, routed)        8.064    13.594    u_core/rst
    SLICE_X61Y36         FDRE                                         r  u_core/probe_v_reg[2][1]/R
  -------------------------------------------------------------------    -------------------

                         (clock sys_clk_pin rise edge)
                                                     10.000    10.000 r  
    W5                                                0.000    10.000 r  clk (IN)
                         net (fo=0)                   0.000    10.000    clk
    W5                   IBUF (Prop_ibuf_I_O)         1.388    11.388 r  clk_IBUF_inst/O
                         net (fo=1, routed)           1.862    13.250    clk_IBUF
    BUFGCTRL_X0Y0        BUFG (Prop_bufg_I_O)         0.091    13.341 r  clk_IBUF_BUFG_inst/O
                         net (fo=3880, routed)        1.513    14.854    u_core/clk_IBUF_BUFG
    SLICE_X61Y36         FDRE                                         r  u_core/probe_v_reg[2][1]/C
                         clock pessimism              0.188    15.042    
                         clock uncertainty           -0.035    15.007    
    SLICE_X61Y36         FDRE (Setup_fdre_C_R)       -0.429    14.578    u_core/probe_v_reg[2][1]
  -------------------------------------------------------------------
                         required time                         14.578    
                         arrival time                         -13.594    
  -------------------------------------------------------------------
                         slack                                  0.984    

Slack (MET) :             0.984ns  (required time - arrival time)
  Source:                 rst_reg/C
                            (rising edge-triggered cell FDRE clocked by sys_clk_pin  {rise@0.000ns fall@5.000ns period=10.000ns})
  Destination:            u_core/probe_v_reg[3][14]/R
                            (rising edge-triggered cell FDRE clocked by sys_clk_pin  {rise@0.000ns fall@5.000ns period=10.000ns})
  Path Group:             sys_clk_pin
  Path Type:              Setup (Max at Slow Process Corner)
  Requirement:            10.000ns  (sys_clk_pin rise@10.000ns - sys_clk_pin rise@0.000ns)
  Data Path Delay:        8.520ns  (logic 0.456ns (5.352%)  route 8.064ns (94.648%))
  Logic Levels:           0  
  Clock Path Skew:        -0.032ns (DCD - SCD + CPR)
    Destination Clock Delay (DCD):    4.854ns = ( 14.854 - 10.000 ) 
    Source Clock Delay      (SCD):    5.074ns
    Clock Pessimism Removal (CPR):    0.188ns
  Clock Uncertainty:      0.035ns  ((TSJ^2 + TIJ^2)^1/2 + DJ) / 2 + PE
    Total System Jitter     (TSJ):    0.071ns
    Total Input Jitter      (TIJ):    0.000ns
    Discrete Jitter          (DJ):    0.000ns
    Phase Error              (PE):    0.000ns

    Location             Delay type                Incr(ns)  Path(ns)    Netlist Resource(s)
  -------------------------------------------------------------------    -------------------
                         (clock sys_clk_pin rise edge)
                                                      0.000     0.000 r  
    W5                                                0.000     0.000 r  clk (IN)
                         net (fo=0)                   0.000     0.000    clk
    W5                   IBUF (Prop_ibuf_I_O)         1.458     1.458 r  clk_IBUF_inst/O
                         net (fo=1, routed)           1.967     3.425    clk_IBUF
    BUFGCTRL_X0Y0        BUFG (Prop_bufg_I_O)         0.096     3.521 r  clk_IBUF_BUFG_inst/O
                         net (fo=3880, routed)        1.553     5.074    clk_IBUF_BUFG
    SLICE_X32Y19         FDRE                                         r  rst_reg/C
  -------------------------------------------------------------------    -------------------
    SLICE_X32Y19         FDRE (Prop_fdre_C_Q)         0.456     5.530 r  rst_reg/Q
                         net (fo=1383, routed)        8.064    13.594    u_core/rst
    SLICE_X61Y36         FDRE                                         r  u_core/probe_v_reg[3][14]/R
  -------------------------------------------------------------------    -------------------

                         (clock sys_clk_pin rise edge)
                                                     10.000    10.000 r  
    W5                                                0.000    10.000 r  clk (IN)
                         net (fo=0)                   0.000    10.000    clk
    W5                   IBUF (Prop_ibuf_I_O)         1.388    11.388 r  clk_IBUF_inst/O
                         net (fo=1, routed)           1.862    13.250    clk_IBUF
    BUFGCTRL_X0Y0        BUFG (Prop_bufg_I_O)         0.091    13.341 r  clk_IBUF_BUFG_inst/O
                         net (fo=3880, routed)        1.513    14.854    u_core/clk_IBUF_BUFG
    SLICE_X61Y36         FDRE                                         r  u_core/probe_v_reg[3][14]/C
                         clock pessimism              0.188    15.042    
                         clock uncertainty           -0.035    15.007    
    SLICE_X61Y36         FDRE (Setup_fdre_C_R)       -0.429    14.578    u_core/probe_v_reg[3][14]
  -------------------------------------------------------------------
                         required time                         14.578    
                         arrival time                         -13.594    
  -------------------------------------------------------------------
                         slack                                  0.984    




