Copyright 1986-2022 Xilinx, Inc. All Rights Reserved. Copyright 2022-2025 Advanced Micro Devices, Inc. All Rights Reserved.
---------------------------------------------------------------------------------------------------------------------------------------------------------------------------
| Tool Version : Vivado v.2025.2 (lin64) Build 6299465 Fri Nov 14 12:34:56 MST 2025
| Date         : Wed Sep 30 22:28:25 2026
| Host         : bland3 running 64-bit Ubuntu 26.04.1 LTS
| Command      : report_timing -max_paths 5 -sort_by group -file {/mnt/c/Users/duyda/Documents/ChatGPT/FPGA fly project/build/vivado/mvu_sys2x2_banked/critical_paths.rpt}
| Design       : mvu_systolic
| Device       : 7a35t-cpg236
| Speed File   : -1  PRODUCTION 1.23 2018-06-13
| Design State : Routed
---------------------------------------------------------------------------------------------------------------------------------------------------------------------------

Timing Report

Slack (MET) :             2.719ns  (required time - arrival time)
  Source:                 g_skew[1].g_delay.ssel_reg[0][0]/C
                            (rising edge-triggered cell FDRE clocked by clk  {rise@0.000ns fall@5.000ns period=10.000ns})
  Destination:            u_array/g_r[1].g_c[0].u_pe/ps_out_reg/A[16]
                            (rising edge-triggered cell DSP48E1 clocked by clk  {rise@0.000ns fall@5.000ns period=10.000ns})
  Path Group:             clk
  Path Type:              Setup (Max at Slow Process Corner)
  Requirement:            10.000ns  (clk rise@10.000ns - clk rise@0.000ns)
  Data Path Delay:        3.268ns  (logic 0.671ns (20.532%)  route 2.597ns (79.468%))
  Logic Levels:           1  (RAMD32=1)
  Clock Path Skew:        -0.049ns (DCD - SCD + CPR)
    Destination Clock Delay (DCD):    0.924ns = ( 10.924 - 10.000 ) 
    Source Clock Delay      (SCD):    0.973ns
    Clock Pessimism Removal (CPR):    0.000ns
  Clock Uncertainty:      0.035ns  ((TSJ^2 + TIJ^2)^1/2 + DJ) / 2 + PE
    Total System Jitter     (TSJ):    0.071ns
    Total Input Jitter      (TIJ):    0.000ns
    Discrete Jitter          (DJ):    0.000ns
    Phase Error              (PE):    0.000ns

    Location             Delay type                Incr(ns)  Path(ns)    Netlist Resource(s)
  -------------------------------------------------------------------    -------------------
                         (clock clk rise edge)        0.000     0.000 r  
                                                      0.000     0.000 r  clk (IN)
                         net (fo=865, unset)          0.973     0.973    clk
    SLICE_X8Y6           FDRE                                         r  g_skew[1].g_delay.ssel_reg[0][0]/C
  -------------------------------------------------------------------    -------------------
    SLICE_X8Y6           FDRE (Prop_fdre_C_Q)         0.518     1.491 r  g_skew[1].g_delay.ssel_reg[0][0]/Q
                         net (fo=17, routed)          1.137     2.628    u_array/g_r[1].g_c[0].u_pe/wbuf_reg_0_1_6_7__0/DPRA0
    SLICE_X10Y3          RAMD32 (Prop_ramd32_RADR0_O)
                                                      0.153     2.781 r  u_array/g_r[1].g_c[0].u_pe/wbuf_reg_0_1_6_7__0/DP/O
                         net (fo=23, routed)          1.460     4.241    u_array/g_r[1].g_c[0].u_pe/prod0[7]
    DSP48_X0Y5           DSP48E1                                      r  u_array/g_r[1].g_c[0].u_pe/ps_out_reg/A[16]
  -------------------------------------------------------------------    -------------------

                         (clock clk rise edge)       10.000    10.000 r  
                                                      0.000    10.000 r  clk (IN)
                         net (fo=865, unset)          0.924    10.924    u_array/g_r[1].g_c[0].u_pe/clk
    DSP48_X0Y5           DSP48E1                                      r  u_array/g_r[1].g_c[0].u_pe/ps_out_reg/CLK
                         clock pessimism              0.000    10.924    
                         clock uncertainty           -0.035    10.889    
    DSP48_X0Y5           DSP48E1 (Setup_dsp48e1_CLK_A[16])
                                                     -3.929     6.960    u_array/g_r[1].g_c[0].u_pe/ps_out_reg
  -------------------------------------------------------------------
                         required time                          6.960    
                         arrival time                          -4.241    
  -------------------------------------------------------------------
                         slack                                  2.719    

Slack (MET) :             2.719ns  (required time - arrival time)
  Source:                 g_skew[1].g_delay.ssel_reg[0][0]/C
                            (rising edge-triggered cell FDRE clocked by clk  {rise@0.000ns fall@5.000ns period=10.000ns})
  Destination:            u_array/g_r[1].g_c[0].u_pe/ps_out_reg/A[17]
                            (rising edge-triggered cell DSP48E1 clocked by clk  {rise@0.000ns fall@5.000ns period=10.000ns})
  Path Group:             clk
  Path Type:              Setup (Max at Slow Process Corner)
  Requirement:            10.000ns  (clk rise@10.000ns - clk rise@0.000ns)
  Data Path Delay:        3.268ns  (logic 0.671ns (20.532%)  route 2.597ns (79.468%))
  Logic Levels:           1  (RAMD32=1)
  Clock Path Skew:        -0.049ns (DCD - SCD + CPR)
    Destination Clock Delay (DCD):    0.924ns = ( 10.924 - 10.000 ) 
    Source Clock Delay      (SCD):    0.973ns
    Clock Pessimism Removal (CPR):    0.000ns
  Clock Uncertainty:      0.035ns  ((TSJ^2 + TIJ^2)^1/2 + DJ) / 2 + PE
    Total System Jitter     (TSJ):    0.071ns
    Total Input Jitter      (TIJ):    0.000ns
    Discrete Jitter          (DJ):    0.000ns
    Phase Error              (PE):    0.000ns

    Location             Delay type                Incr(ns)  Path(ns)    Netlist Resource(s)
  -------------------------------------------------------------------    -------------------
                         (clock clk rise edge)        0.000     0.000 r  
                                                      0.000     0.000 r  clk (IN)
                         net (fo=865, unset)          0.973     0.973    clk
    SLICE_X8Y6           FDRE                                         r  g_skew[1].g_delay.ssel_reg[0][0]/C
  -------------------------------------------------------------------    -------------------
    SLICE_X8Y6           FDRE (Prop_fdre_C_Q)         0.518     1.491 r  g_skew[1].g_delay.ssel_reg[0][0]/Q
                         net (fo=17, routed)          1.137     2.628    u_array/g_r[1].g_c[0].u_pe/wbuf_reg_0_1_6_7__0/DPRA0
    SLICE_X10Y3          RAMD32 (Prop_ramd32_RADR0_O)
                                                      0.153     2.781 r  u_array/g_r[1].g_c[0].u_pe/wbuf_reg_0_1_6_7__0/DP/O
                         net (fo=23, routed)          1.460     4.241    u_array/g_r[1].g_c[0].u_pe/prod0[7]
    DSP48_X0Y5           DSP48E1                                      r  u_array/g_r[1].g_c[0].u_pe/ps_out_reg/A[17]
  -------------------------------------------------------------------    -------------------

                         (clock clk rise edge)       10.000    10.000 r  
                                                      0.000    10.000 r  clk (IN)
                         net (fo=865, unset)          0.924    10.924    u_array/g_r[1].g_c[0].u_pe/clk
    DSP48_X0Y5           DSP48E1                                      r  u_array/g_r[1].g_c[0].u_pe/ps_out_reg/CLK
                         clock pessimism              0.000    10.924    
                         clock uncertainty           -0.035    10.889    
    DSP48_X0Y5           DSP48E1 (Setup_dsp48e1_CLK_A[17])
                                                     -3.929     6.960    u_array/g_r[1].g_c[0].u_pe/ps_out_reg
  -------------------------------------------------------------------
                         required time                          6.960    
                         arrival time                          -4.241    
  -------------------------------------------------------------------
                         slack                                  2.719    

Slack (MET) :             2.719ns  (required time - arrival time)
  Source:                 g_skew[1].g_delay.ssel_reg[0][0]/C
                            (rising edge-triggered cell FDRE clocked by clk  {rise@0.000ns fall@5.000ns period=10.000ns})
  Destination:            u_array/g_r[1].g_c[0].u_pe/ps_out_reg/A[18]
                            (rising edge-triggered cell DSP48E1 clocked by clk  {rise@0.000ns fall@5.000ns period=10.000ns})
  Path Group:             clk
  Path Type:              Setup (Max at Slow Process Corner)
  Requirement:            10.000ns  (clk rise@10.000ns - clk rise@0.000ns)
  Data Path Delay:        3.268ns  (logic 0.671ns (20.532%)  route 2.597ns (79.468%))
  Logic Levels:           1  (RAMD32=1)
  Clock Path Skew:        -0.049ns (DCD - SCD + CPR)
    Destination Clock Delay (DCD):    0.924ns = ( 10.924 - 10.000 ) 
    Source Clock Delay      (SCD):    0.973ns
    Clock Pessimism Removal (CPR):    0.000ns
  Clock Uncertainty:      0.035ns  ((TSJ^2 + TIJ^2)^1/2 + DJ) / 2 + PE
    Total System Jitter     (TSJ):    0.071ns
    Total Input Jitter      (TIJ):    0.000ns
    Discrete Jitter          (DJ):    0.000ns
    Phase Error              (PE):    0.000ns

    Location             Delay type                Incr(ns)  Path(ns)    Netlist Resource(s)
  -------------------------------------------------------------------    -------------------
                         (clock clk rise edge)        0.000     0.000 r  
                                                      0.000     0.000 r  clk (IN)
                         net (fo=865, unset)          0.973     0.973    clk
    SLICE_X8Y6           FDRE                                         r  g_skew[1].g_delay.ssel_reg[0][0]/C
  -------------------------------------------------------------------    -------------------
    SLICE_X8Y6           FDRE (Prop_fdre_C_Q)         0.518     1.491 r  g_skew[1].g_delay.ssel_reg[0][0]/Q
                         net (fo=17, routed)          1.137     2.628    u_array/g_r[1].g_c[0].u_pe/wbuf_reg_0_1_6_7__0/DPRA0
    SLICE_X10Y3          RAMD32 (Prop_ramd32_RADR0_O)
                                                      0.153     2.781 r  u_array/g_r[1].g_c[0].u_pe/wbuf_reg_0_1_6_7__0/DP/O
                         net (fo=23, routed)          1.460     4.241    u_array/g_r[1].g_c[0].u_pe/prod0[7]
    DSP48_X0Y5           DSP48E1                                      r  u_array/g_r[1].g_c[0].u_pe/ps_out_reg/A[18]
  -------------------------------------------------------------------    -------------------

                         (clock clk rise edge)       10.000    10.000 r  
                                                      0.000    10.000 r  clk (IN)
                         net (fo=865, unset)          0.924    10.924    u_array/g_r[1].g_c[0].u_pe/clk
    DSP48_X0Y5           DSP48E1                                      r  u_array/g_r[1].g_c[0].u_pe/ps_out_reg/CLK
                         clock pessimism              0.000    10.924    
                         clock uncertainty           -0.035    10.889    
    DSP48_X0Y5           DSP48E1 (Setup_dsp48e1_CLK_A[18])
                                                     -3.929     6.960    u_array/g_r[1].g_c[0].u_pe/ps_out_reg
  -------------------------------------------------------------------
                         required time                          6.960    
                         arrival time                          -4.241    
  -------------------------------------------------------------------
                         slack                                  2.719    

Slack (MET) :             2.719ns  (required time - arrival time)
  Source:                 g_skew[1].g_delay.ssel_reg[0][0]/C
                            (rising edge-triggered cell FDRE clocked by clk  {rise@0.000ns fall@5.000ns period=10.000ns})
  Destination:            u_array/g_r[1].g_c[0].u_pe/ps_out_reg/A[19]
                            (rising edge-triggered cell DSP48E1 clocked by clk  {rise@0.000ns fall@5.000ns period=10.000ns})
  Path Group:             clk
  Path Type:              Setup (Max at Slow Process Corner)
  Requirement:            10.000ns  (clk rise@10.000ns - clk rise@0.000ns)
  Data Path Delay:        3.268ns  (logic 0.671ns (20.532%)  route 2.597ns (79.468%))
  Logic Levels:           1  (RAMD32=1)
  Clock Path Skew:        -0.049ns (DCD - SCD + CPR)
    Destination Clock Delay (DCD):    0.924ns = ( 10.924 - 10.000 ) 
    Source Clock Delay      (SCD):    0.973ns
    Clock Pessimism Removal (CPR):    0.000ns
  Clock Uncertainty:      0.035ns  ((TSJ^2 + TIJ^2)^1/2 + DJ) / 2 + PE
    Total System Jitter     (TSJ):    0.071ns
    Total Input Jitter      (TIJ):    0.000ns
    Discrete Jitter          (DJ):    0.000ns
    Phase Error              (PE):    0.000ns

    Location             Delay type                Incr(ns)  Path(ns)    Netlist Resource(s)
  -------------------------------------------------------------------    -------------------
                         (clock clk rise edge)        0.000     0.000 r  
                                                      0.000     0.000 r  clk (IN)
                         net (fo=865, unset)          0.973     0.973    clk
    SLICE_X8Y6           FDRE                                         r  g_skew[1].g_delay.ssel_reg[0][0]/C
  -------------------------------------------------------------------    -------------------
    SLICE_X8Y6           FDRE (Prop_fdre_C_Q)         0.518     1.491 r  g_skew[1].g_delay.ssel_reg[0][0]/Q
                         net (fo=17, routed)          1.137     2.628    u_array/g_r[1].g_c[0].u_pe/wbuf_reg_0_1_6_7__0/DPRA0
    SLICE_X10Y3          RAMD32 (Prop_ramd32_RADR0_O)
                                                      0.153     2.781 r  u_array/g_r[1].g_c[0].u_pe/wbuf_reg_0_1_6_7__0/DP/O
                         net (fo=23, routed)          1.460     4.241    u_array/g_r[1].g_c[0].u_pe/prod0[7]
    DSP48_X0Y5           DSP48E1                                      r  u_array/g_r[1].g_c[0].u_pe/ps_out_reg/A[19]
  -------------------------------------------------------------------    -------------------

                         (clock clk rise edge)       10.000    10.000 r  
                                                      0.000    10.000 r  clk (IN)
                         net (fo=865, unset)          0.924    10.924    u_array/g_r[1].g_c[0].u_pe/clk
    DSP48_X0Y5           DSP48E1                                      r  u_array/g_r[1].g_c[0].u_pe/ps_out_reg/CLK
                         clock pessimism              0.000    10.924    
                         clock uncertainty           -0.035    10.889    
    DSP48_X0Y5           DSP48E1 (Setup_dsp48e1_CLK_A[19])
                                                     -3.929     6.960    u_array/g_r[1].g_c[0].u_pe/ps_out_reg
  -------------------------------------------------------------------
                         required time                          6.960    
                         arrival time                          -4.241    
  -------------------------------------------------------------------
                         slack                                  2.719    

Slack (MET) :             2.825ns  (required time - arrival time)
  Source:                 ln_sel_reg[0]/C
                            (rising edge-triggered cell FDRE clocked by clk  {rise@0.000ns fall@5.000ns period=10.000ns})
  Destination:            u_array/g_r[0].g_c[0].u_pe/ps_out_reg/A[16]
                            (rising edge-triggered cell DSP48E1 clocked by clk  {rise@0.000ns fall@5.000ns period=10.000ns})
  Path Group:             clk
  Path Type:              Setup (Max at Slow Process Corner)
  Requirement:            10.000ns  (clk rise@10.000ns - clk rise@0.000ns)
  Data Path Delay:        3.162ns  (logic 0.671ns (21.220%)  route 2.491ns (78.780%))
  Logic Levels:           1  (RAMD32=1)
  Clock Path Skew:        -0.049ns (DCD - SCD + CPR)
    Destination Clock Delay (DCD):    0.924ns = ( 10.924 - 10.000 ) 
    Source Clock Delay      (SCD):    0.973ns
    Clock Pessimism Removal (CPR):    0.000ns
  Clock Uncertainty:      0.035ns  ((TSJ^2 + TIJ^2)^1/2 + DJ) / 2 + PE
    Total System Jitter     (TSJ):    0.071ns
    Total Input Jitter      (TIJ):    0.000ns
    Discrete Jitter          (DJ):    0.000ns
    Phase Error              (PE):    0.000ns

    Location             Delay type                Incr(ns)  Path(ns)    Netlist Resource(s)
  -------------------------------------------------------------------    -------------------
                         (clock clk rise edge)        0.000     0.000 r  
                                                      0.000     0.000 r  clk (IN)
                         net (fo=865, unset)          0.973     0.973    clk
    SLICE_X8Y5           FDRE                                         r  ln_sel_reg[0]/C
  -------------------------------------------------------------------    -------------------
    SLICE_X8Y5           FDRE (Prop_fdre_C_Q)         0.518     1.491 r  ln_sel_reg[0]/Q
                         net (fo=9, routed)           1.151     2.642    u_array/g_r[0].g_c[0].u_pe/wbuf_reg_0_1_6_7__0/DPRA0
    SLICE_X10Y4          RAMD32 (Prop_ramd32_RADR0_O)
                                                      0.153     2.795 r  u_array/g_r[0].g_c[0].u_pe/wbuf_reg_0_1_6_7__0/DP/O
                         net (fo=23, routed)          1.340     4.135    u_array/g_r[0].g_c[0].u_pe/prod0[7]
    DSP48_X0Y4           DSP48E1                                      r  u_array/g_r[0].g_c[0].u_pe/ps_out_reg/A[16]
  -------------------------------------------------------------------    -------------------

                         (clock clk rise edge)       10.000    10.000 r  
                                                      0.000    10.000 r  clk (IN)
                         net (fo=865, unset)          0.924    10.924    u_array/g_r[0].g_c[0].u_pe/clk
    DSP48_X0Y4           DSP48E1                                      r  u_array/g_r[0].g_c[0].u_pe/ps_out_reg/CLK
                         clock pessimism              0.000    10.924    
                         clock uncertainty           -0.035    10.889    
    DSP48_X0Y4           DSP48E1 (Setup_dsp48e1_CLK_A[16])
                                                     -3.929     6.960    u_array/g_r[0].g_c[0].u_pe/ps_out_reg
  -------------------------------------------------------------------
                         required time                          6.960    
                         arrival time                          -4.135    
  -------------------------------------------------------------------
                         slack                                  2.825    




